C:\Users\vntua\Documents\Document_SAFE\code_projects\hazard-chess\src\main\java\com\hazardchess\pieces\Pawn.java
C:\Users\vntua\Documents\Document_SAFE\code_projects\hazard-chess\src\main\java\com\hazardchess\pieces\Knight.java
C:\Users\vntua\Documents\Document_SAFE\code_projects\hazard-chess\src\main\java\com\hazardchess\ui\BoardUI.java
C:\Users\vntua\Documents\Document_SAFE\code_projects\hazard-chess\src\main\java\com\hazardchess\pieces\Piece.java
C:\Users\vntua\Documents\Document_SAFE\code_projects\hazard-chess\src\main\java\com\hazardchess\pieces\Bishop.java
C:\Users\vntua\Documents\Document_SAFE\code_projects\hazard-chess\src\main\java\com\hazardchess\game\Board.java
C:\Users\vntua\Documents\Document_SAFE\code_projects\hazard-chess\src\main\java\com\hazardchess\pieces\King.java
C:\Users\vntua\Documents\Document_SAFE\code_projects\hazard-chess\src\main\java\com\hazardchess\pieces\Rook.java
C:\Users\vntua\Documents\Document_SAFE\code_projects\hazard-chess\src\main\java\com\hazardchess\game\Cell.java
C:\Users\vntua\Documents\Document_SAFE\code_projects\hazard-chess\src\main\java\com\hazardchess\pieces\Queen.java
